server/tests/apuracao.test.ts(16,1): error TS2582: Cannot find name 'describe'. Do you need to install type definitions for a test runner? Try `npm i --save-dev @types/jest` or `npm i --save-dev @types/mocha`.
server/tests/apuracao.test.ts(17,5): error TS2582: Cannot find name 'test'. Do you need to install type definitions for a test runner? Try `npm i --save-dev @types/jest` or `npm i --save-dev @types/mocha`.
server/tests/apuracao.test.ts(18,9): error TS2304: Cannot find name 'expect'.
server/tests/apuracao.test.ts(21,5): error TS2582: Cannot find name 'test'. Do you need to install type definitions for a test runner? Try `npm i --save-dev @types/jest` or `npm i --save-dev @types/mocha`.
server/tests/apuracao.test.ts(22,9): error TS2304: Cannot find name 'expect'.
server/tests/apuracao.test.ts(25,5): error TS2582: Cannot find name 'test'. Do you need to install type definitions for a test runner? Try `npm i --save-dev @types/jest` or `npm i --save-dev @types/mocha`.
server/tests/apuracao.test.ts(26,9): error TS2304: Cannot find name 'expect'.
server/tests/apuracao.test.ts(29,5): error TS2582: Cannot find name 'test'. Do you need to install type definitions for a test runner? Try `npm i --save-dev @types/jest` or `npm i --save-dev @types/mocha`.
server/tests/apuracao.test.ts(30,9): error TS2304: Cannot find name 'expect'.
server/tests/apuracao.test.ts(33,5): error TS2582: Cannot find name 'test'. Do you need to install type definitions for a test runner? Try `npm i --save-dev @types/jest` or `npm i --save-dev @types/mocha`.
server/tests/apuracao.test.ts(34,9): error TS2304: Cannot find name 'expect'.
server/tests/apuracao.test.ts(35,9): error TS2304: Cannot find name 'expect'.
server/tests/apuracao.test.ts(38,5): error TS2582: Cannot find name 'test'. Do you need to install type definitions for a test runner? Try `npm i --save-dev @types/jest` or `npm i --save-dev @types/mocha`.
server/tests/apuracao.test.ts(39,9): error TS2304: Cannot find name 'expect'.
server/tests/apuracao.test.ts(42,5): error TS2582: Cannot find name 'test'. Do you need to install type definitions for a test runner? Try `npm i --save-dev @types/jest` or `npm i --save-dev @types/mocha`.
server/tests/apuracao.test.ts(43,9): error TS2304: Cannot find name 'expect'.
server/tests/apuracao.test.ts(50,1): error TS2582: Cannot find name 'describe'. Do you need to install type definitions for a test runner? Try `npm i --save-dev @types/jest` or `npm i --save-dev @types/mocha`.
server/tests/apuracao.test.ts(61,5): error TS2582: Cannot find name 'test'. Do you need to install type definitions for a test runner? Try `npm i --save-dev @types/jest` or `npm i --save-dev @types/mocha`.
server/tests/apuracao.test.ts(64,9): error TS2304: Cannot find name 'expect'.
server/tests/apuracao.test.ts(65,9): error TS2304: Cannot find name 'expect'.
server/tests/apuracao.test.ts(66,9): error TS2304: Cannot find name 'expect'.
server/tests/apuracao.test.ts(69,5): error TS2582: Cannot find name 'test'. Do you need to install type definitions for a test runner? Try `npm i --save-dev @types/jest` or `npm i --save-dev @types/mocha`.
server/tests/apuracao.test.ts(72,9): error TS2304: Cannot find name 'expect'.
server/tests/apuracao.test.ts(73,9): error TS2304: Cannot find name 'expect'.
server/tests/apuracao.test.ts(74,9): error TS2304: Cannot find name 'expect'.
server/tests/apuracao.test.ts(77,5): error TS2582: Cannot find name 'test'. Do you need to install type definitions for a test runner? Try `npm i --save-dev @types/jest` or `npm i --save-dev @types/mocha`.
server/tests/apuracao.test.ts(83,9): error TS2304: Cannot find name 'expect'.
server/tests/apuracao.test.ts(86,5): error TS2582: Cannot find name 'test'. Do you need to install type definitions for a test runner? Try `npm i --save-dev @types/jest` or `npm i --save-dev @types/mocha`.
server/tests/apuracao.test.ts(89,9): error TS2304: Cannot find name 'expect'.
server/tests/apuracao.test.ts(96,1): error TS2582: Cannot find name 'describe'. Do you need to install type definitions for a test runner? Try `npm i --save-dev @types/jest` or `npm i --save-dev @types/mocha`.
server/tests/apuracao.test.ts(97,5): error TS2582: Cannot find name 'test'. Do you need to install type definitions for a test runner? Try `npm i --save-dev @types/jest` or `npm i --save-dev @types/mocha`.
server/tests/apuracao.test.ts(100,9): error TS2304: Cannot find name 'expect'.
server/tests/apuracao.test.ts(101,9): error TS2304: Cannot find name 'expect'.
server/tests/apuracao.test.ts(104,5): error TS2582: Cannot find name 'test'. Do you need to install type definitions for a test runner? Try `npm i --save-dev @types/jest` or `npm i --save-dev @types/mocha`.
server/tests/apuracao.test.ts(107,9): error TS2304: Cannot find name 'expect'.
server/tests/apuracao.test.ts(108,9): error TS2304: Cannot find name 'expect'.
server/tests/apuracao.test.ts(111,5): error TS2582: Cannot find name 'test'. Do you need to install type definitions for a test runner? Try `npm i --save-dev @types/jest` or `npm i --save-dev @types/mocha`.
server/tests/apuracao.test.ts(113,9): error TS2304: Cannot find name 'expect'.
server/tests/apuracao.test.ts(114,9): error TS2304: Cannot find name 'expect'.
server/tests/apuracao.test.ts(117,5): error TS2582: Cannot find name 'test'. Do you need to install type definitions for a test runner? Try `npm i --save-dev @types/jest` or `npm i --save-dev @types/mocha`.
server/tests/apuracao.test.ts(119,9): error TS2304: Cannot find name 'expect'.
server/tests/apuracao.test.ts(126,1): error TS2582: Cannot find name 'describe'. Do you need to install type definitions for a test runner? Try `npm i --save-dev @types/jest` or `npm i --save-dev @types/mocha`.
server/tests/apuracao.test.ts(127,5): error TS2582: Cannot find name 'test'. Do you need to install type definitions for a test runner? Try `npm i --save-dev @types/jest` or `npm i --save-dev @types/mocha`.
server/tests/apuracao.test.ts(130,9): error TS2304: Cannot find name 'expect'.
server/tests/apuracao.test.ts(131,9): error TS2304: Cannot find name 'expect'.
server/tests/apuracao.test.ts(134,5): error TS2582: Cannot find name 'test'. Do you need to install type definitions for a test runner? Try `npm i --save-dev @types/jest` or `npm i --save-dev @types/mocha`.
server/tests/apuracao.test.ts(136,9): error TS2304: Cannot find name 'expect'.
server/tests/apuracao.test.ts(137,9): error TS2304: Cannot find name 'expect'.
server/tests/apuracao.test.ts(144,1): error TS2582: Cannot find name 'describe'. Do you need to install type definitions for a test runner? Try `npm i --save-dev @types/jest` or `npm i --save-dev @types/mocha`.
server/tests/apuracao.test.ts(157,5): error TS2582: Cannot find name 'test'. Do you need to install type definitions for a test runner? Try `npm i --save-dev @types/jest` or `npm i --save-dev @types/mocha`.
server/tests/apuracao.test.ts(159,9): error TS2304: Cannot find name 'expect'.
server/tests/apuracao.test.ts(162,5): error TS2582: Cannot find name 'test'. Do you need to install type definitions for a test runner? Try `npm i --save-dev @types/jest` or `npm i --save-dev @types/mocha`.
server/tests/apuracao.test.ts(164,9): error TS2304: Cannot find name 'expect'.
server/tests/apuracao.test.ts(167,5): error TS2582: Cannot find name 'test'. Do you need to install type definitions for a test runner? Try `npm i --save-dev @types/jest` or `npm i --save-dev @types/mocha`.
server/tests/apuracao.test.ts(169,9): error TS2304: Cannot find name 'expect'.
server/tests/apuracao.test.ts(176,1): error TS2582: Cannot find name 'describe'. Do you need to install type definitions for a test runner? Try `npm i --save-dev @types/jest` or `npm i --save-dev @types/mocha`.
server/tests/apuracao.test.ts(177,5): error TS2582: Cannot find name 'test'. Do you need to install type definitions for a test runner? Try `npm i --save-dev @types/jest` or `npm i --save-dev @types/mocha`.
server/tests/apuracao.test.ts(186,9): error TS2304: Cannot find name 'expect'.
server/tests/apuracao.test.ts(188,9): error TS2304: Cannot find name 'expect'.
server/tests/apuracao.test.ts(191,5): error TS2582: Cannot find name 'test'. Do you need to install type definitions for a test runner? Try `npm i --save-dev @types/jest` or `npm i --save-dev @types/mocha`.
server/tests/apuracao.test.ts(200,9): error TS2304: Cannot find name 'expect'.
server/tests/apuracao.test.ts(207,1): error TS2582: Cannot find name 'describe'. Do you need to install type definitions for a test runner? Try `npm i --save-dev @types/jest` or `npm i --save-dev @types/mocha`.
server/tests/apuracao.test.ts(208,5): error TS2582: Cannot find name 'test'. Do you need to install type definitions for a test runner? Try `npm i --save-dev @types/jest` or `npm i --save-dev @types/mocha`.
server/tests/apuracao.test.ts(210,9): error TS2304: Cannot find name 'expect'.
server/tests/apuracao.test.ts(211,9): error TS2304: Cannot find name 'expect'.
server/tests/apuracao.test.ts(214,5): error TS2582: Cannot find name 'test'. Do you need to install type definitions for a test runner? Try `npm i --save-dev @types/jest` or `npm i --save-dev @types/mocha`.
server/tests/apuracao.test.ts(218,9): error TS2304: Cannot find name 'expect'.
server/tests/apuracao.test.ts(221,5): error TS2582: Cannot find name 'test'. Do you need to install type definitions for a test runner? Try `npm i --save-dev @types/jest` or `npm i --save-dev @types/mocha`.
server/tests/apuracao.test.ts(225,9): error TS2304: Cannot find name 'expect'.
server/tests/apuracao.test.ts(226,9): error TS2304: Cannot find name 'expect'.
server/tests/apuracao.test.ts(233,1): error TS2582: Cannot find name 'describe'. Do you need to install type definitions for a test runner? Try `npm i --save-dev @types/jest` or `npm i --save-dev @types/mocha`.
server/tests/apuracao.test.ts(234,5): error TS2582: Cannot find name 'test'. Do you need to install type definitions for a test runner? Try `npm i --save-dev @types/jest` or `npm i --save-dev @types/mocha`.
server/tests/apuracao.test.ts(241,9): error TS2304: Cannot find name 'expect'.
server/tests/apuracao.test.ts(248,9): error TS2304: Cannot find name 'expect'.
server/tests/apuracao.test.ts(249,9): error TS2304: Cannot find name 'expect'.
server/tests/apuracao.test.ts(250,9): error TS2304: Cannot find name 'expect'.
server/tests/apuracao.test.ts(257,1): error TS2582: Cannot find name 'describe'. Do you need to install type definitions for a test runner? Try `npm i --save-dev @types/jest` or `npm i --save-dev @types/mocha`.
server/tests/apuracao.test.ts(258,5): error TS2582: Cannot find name 'test'. Do you need to install type definitions for a test runner? Try `npm i --save-dev @types/jest` or `npm i --save-dev @types/mocha`.
server/tests/apuracao.test.ts(268,9): error TS2304: Cannot find name 'expect'.
server/tests/apuracao.test.ts(269,9): error TS2304: Cannot find name 'expect'.
server/tests/apuracao.test.ts(272,9): error TS2304: Cannot find name 'expect'.
server/tests/apuracao.test.ts(273,9): error TS2304: Cannot find name 'expect'.
server/tests/apuracao.test.ts(276,9): error TS2304: Cannot find name 'expect'.
server/tests/apuracao.test.ts(283,1): error TS2582: Cannot find name 'describe'. Do you need to install type definitions for a test runner? Try `npm i --save-dev @types/jest` or `npm i --save-dev @types/mocha`.
server/tests/apuracao.test.ts(284,5): error TS2582: Cannot find name 'test'. Do you need to install type definitions for a test runner? Try `npm i --save-dev @types/jest` or `npm i --save-dev @types/mocha`.
server/tests/apuracao.test.ts(292,9): error TS2304: Cannot find name 'expect'.
server/tests/apuracao.test.ts(295,5): error TS2582: Cannot find name 'test'. Do you need to install type definitions for a test runner? Try `npm i --save-dev @types/jest` or `npm i --save-dev @types/mocha`.
server/tests/apuracao.test.ts(303,9): error TS2304: Cannot find name 'expect'.
server/tests/apuracao.test.ts(304,9): error TS2304: Cannot find name 'expect'.
server/tests/apuracao.test.ts(307,5): error TS2582: Cannot find name 'test'. Do you need to install type definitions for a test runner? Try `npm i --save-dev @types/jest` or `npm i --save-dev @types/mocha`.
server/tests/apuracao.test.ts(315,9): error TS2304: Cannot find name 'expect'.
server/tests/apuracao.test.ts(318,5): error TS2582: Cannot find name 'test'. Do you need to install type definitions for a test runner? Try `npm i --save-dev @types/jest` or `npm i --save-dev @types/mocha`.
server/tests/apuracao.test.ts(323,9): error TS2304: Cannot find name 'expect'.
server/tests/apuracao.test.ts(324,9): error TS2304: Cannot find name 'expect'.
server/tests/apuracao.test.ts(327,5): error TS2582: Cannot find name 'test'. Do you need to install type definitions for a test runner? Try `npm i --save-dev @types/jest` or `npm i --save-dev @types/mocha`.
server/tests/apuracao.test.ts(329,9): error TS2304: Cannot find name 'expect'.
server/tests/apuracao.test.ts(330,9): error TS2304: Cannot find name 'expect'.
server/tests/apuracao.test.ts(331,9): error TS2304: Cannot find name 'expect'.
server/tests/apuracao.test.ts(332,9): error TS2304: Cannot find name 'expect'.
server/tests/apuracao.test.ts(333,9): error TS2304: Cannot find name 'expect'.
src/lib/pdf-tools/unlockPdf.ts(11,55): error TS2353: Object literal may only specify known properties, and 'password' does not exist in type 'LoadOptions'.
src/lib/supabase.ts(3,33): error TS2339: Property 'env' does not exist on type 'ImportMeta'.
src/lib/supabase.ts(4,37): error TS2339: Property 'env' does not exist on type 'ImportMeta'.
src/pages/DevelopmentDetails.tsx(49,36): error TS2339: Property 'videoUrl' does not exist on type 'Development'.
src/pages/DevelopmentDetails.tsx(71,36): error TS2339: Property 'videoUrl' does not exist on type 'Development'.
src/pages/Developments.tsx(57,39): error TS2339: Property 'env' does not exist on type 'ImportMeta'.
src/pages/Developments.tsx(59,59): error TS2339: Property 'env' does not exist on type 'ImportMeta'.
src/pages/Developments.tsx(64,50): error TS2339: Property 'env' does not exist on type 'ImportMeta'.
src/pages/SendEmail.tsx(106,40): error TS2339: Property 'env' does not exist on type 'ImportMeta'.
src/pages/SendEmail.tsx(107,45): error TS2339: Property 'env' does not exist on type 'ImportMeta'.
src/services/kaiAgent.ts(3,34): error TS2339: Property 'env' does not exist on type 'ImportMeta'.
src/services/kaiAgent.ts(4,39): error TS2339: Property 'env' does not exist on type 'ImportMeta'.
